---
source: tests/integration_flows_1_5.rs
expression: result
---
String                                                       | Tags |  Score | Section
-------------------------------------------------------------|------|--------|--------
https://github.com/EvilBit-Labs/Stringy                      | url  |    100 | .rodata
Project: %s                                                  | fmt  |    100 | .rodata
Helper called                                                |      |    100 | .rodata
