---
source: tests/integration_elf.rs
expression: output
---
=== IMPORTS ===
Total: 9

Import 1: free
  Library: libc.so.6

Import 2: __libc_start_main
  Library: libc.so.6

Import 3: puts
  Library: libc.so.6

Import 4: __gmon_start__
  Library: libc.so.6

Import 5: malloc
  Library: libc.so.6

Import 6: free@GLIBC_2.2.5

Import 7: __libc_start_main@GLIBC_2.34

Import 8: puts@GLIBC_2.2.5

Import 9: malloc@GLIBC_2.2.5

=== EXPORTS ===
Total: 10

Export 1: data_start
  Address: 0x404018

Export 2: _edata
  Address: 0x404028

Export 3: exported_function
  Address: 0x401146

Export 4: helper_function
  Address: 0x401154

Export 5: __data_start
  Address: 0x404018

Export 6: _IO_stdin_used
  Address: 0x402000

Export 7: _end
  Address: 0x404030

Export 8: _start
  Address: 0x401060

Export 9: __bss_start
  Address: 0x404028

Export 10: main
  Address: 0x401165
