---
source: tests/integration_flows_1_5.rs
expression: stdout
---
{"text":"https://github.com/EvilBit-Labs/Stringy","encoding":"Utf8","offset":7574,"rva":16784790,"section":".rodata","length":39,"tags":["Url"],"score":1050,"display_score":100,"source":"SectionData","confidence":1.0}
{"text":"/.cache/debuginfod_client","encoding":"Utf8","offset":7518,"rva":16784734,"section":".rodata","length":25,"tags":["filepath"],"score":1035,"display_score":100,"source":"SectionData","confidence":1.0}
{"text":"/debuginfod_client","encoding":"Utf8","offset":7901,"rva":16785117,"section":".rodata","length":18,"tags":["filepath"],"score":1035,"display_score":100,"source":"SectionData","confidence":1.0}
