---
source: tests/output_table_integration.rs
expression: result
---
String                                                       | Tags |  Score | Section
-------------------------------------------------------------|------|--------|--------
multi-tagged                                                 | url  |      0 | .data
