---
source: tests/output_table_integration.rs
expression: result
---
String                                                       | Tags |  Score | Section
-------------------------------------------------------------|------|--------|--------
critical IOC                                                 | url  |    100 | .rdata 
negative score                                               |      |      0 | .text
