---
source: tests/output_table_integration.rs
expression: result
---
String                                                       | Tags     |  Score | Section
-------------------------------------------------------------|----------|--------|--------
string with	tab                                              |          |     10 | .data  
pipe|character                                               |          |     10 | .data  
backslash\here                                               | filepath |     20 | .rdata
