---
source: tests/output_table_integration.rs
expression: result
---
String                                                       | Tags   |  Score | Section
-------------------------------------------------------------|--------|--------|--------
kernel32.dll                                                 | import |      0 |        
mysterious string                                            |        |      0 | .text  
bare minimum                                                 |        |      0 |
