---
source: tests/output_table_integration.rs
expression: result
---
String                                                       | Tags |  Score | Section
-------------------------------------------------------------|------|--------|--------
ASCII string                                                 |      |      0 | .rodata
UTF-8 string                                                 |      |      0 | .rodata
UTF-16LE string                                              |      |      0 | .data
