---
source: tests/output_table_integration.rs
expression: result
---
String                                                       | Tags     |  Score | Section
-------------------------------------------------------------|----------|--------|--------
https://example.com                                          | url      |      0 |        
example.com                                                  | domain   |      0 |        
192.168.1.1                                                  | ipv4     |      0 |        
::1                                                          | ipv6     |      0 |        
/etc/passwd                                                  | filepath |      0 |        
HKLM\Software                                                | regpath  |      0 |        
{12345678-1234-1234-1234-123456789012}                       | guid     |      0 |        
user@domain.com                                              | email    |      0 |        
SGVsbG8gV29ybGQ=                                             | b64      |      0 |        
%s %d %x                                                     | fmt      |      0 |
