---
source: tests/output_table_integration.rs
expression: result
---
String                                                       | Tags |  Score | Section       
-------------------------------------------------------------|------|--------|---------------
string one                                                   |      |      0 | .rodata.str1.1
string two                                                   |      |      0 | .data.rel.ro  
string three                                                 |      |      0 | .text
