---
source: tests/output_table_integration.rs
expression: result
---
String                                                       | Tags     |  Score | Section
-------------------------------------------------------------|----------|--------|--------
string with\ttab                                             |          |      0 | .data  
pipe|character                                               |          |      0 | .data  
backslash\here                                               | filepath |      0 | .rdata
